ASxxxx Linker V03.00 + NoICE + sdld,  page 1.
Hexadecimal  [32-Bits]

Area                                    Addr        Size        Decimal Bytes (Attributes)
--------------------------------        ----        ----        ------- ----- ------------
.  .ABS.                            00000000    00000000 =           0. bytes (ABS,CON)

      Value  Global                              Global Defined In Module
      -----  --------------------------------   ------------------------
     00000000  .__.ABS.                           cpct_firmware
     00000000  l__CABS                         
     00000000  l__DABS                         
     00000000  l__GSFINAL                      
     00000000  l__GSINIT                       
     00000000  l__HOME                         
     00000000  l__INITIALIZED                  
     00000000  l__INITIALIZER                  
     00000000  l__g_tablatrans_                
     00000000  s__CABS                         
     00000000  s__CABS0                        
     00000000  s__DABS                         
     00000000  s__g_tablatrans_                
     00000000  s__g_tablatrans_0               
     00000012  l__DATA                         
     00000100  l__g_tablatrans_0               
     00000644  l__CSEG                         
     00000926  l__CABS0                        
     00001000  s__CODE                         
     00003DD5  l__CODE                         
     00004DD5  s__DATA                         
     00004DE7  s__CSEG                         
     00004DE7  s__GSFINAL                      
     00004DE7  s__GSINIT                       
     00004DE7  s__HOME                         
     00004DE7  s__INITIALIZED                  
     00004DE7  s__INITIALIZER                  
ASxxxx Linker V03.00 + NoICE + sdld,  page 2.
Hexadecimal  [32-Bits]

Area                                    Addr        Size        Decimal Bytes (Attributes)
--------------------------------        ----        ----        ------- ----- ------------
_CODE                               00001000    00003DD5 =       15829. bytes (REL,CON)

      Value  Global                              Global Defined In Module
      -----  --------------------------------   ------------------------
     00001000  _g_map3                            map3
     00001528  _g_map2                            map2
     00001A50  _g_map1                            map1
     00001F78  _g_retropolis_0                    retropolis
     000029C8  _g_retropolis_1                    retropolis
     00003418  _g_hero_00                         hero
     000034F0  _g_hero_01                         hero
     000035C8  _g_hero_02                         hero
     000036A0  _g_hero_03                         hero
     00003778  _g_hero_04                         hero
     00003850  _g_hero_05                         hero
     00003928  _g_hero_06                         hero
     00003A00  _g_hero_07                         hero
     00003AD8  _g_hero_08                         hero
     00003BB0  _g_hero_09                         hero
     00003C88  _g_hero_10                         hero
     00003D60  _g_hero_11                         hero
     00003E38  _g_hero_12                         hero
     00003F10  _g_hero_13                         hero
     00003FE8  _g_hero_14                         hero
     000040C0  _g_hero_15                         hero
     00004198  _g_palette                         tiles
     000041A8  _g_tileset                         tiles
     000041D0  _g_tiles_00                        tiles
     000041D8  _g_tiles_01                        tiles
     000041E0  _g_tiles_02                        tiles
     000041E8  _g_tiles_03                        tiles
     000041F0  _g_tiles_04                        tiles
     000041F8  _g_tiles_05                        tiles
     00004200  _g_tiles_06                        tiles
     00004208  _g_tiles_07                        tiles
     00004210  _g_tiles_08                        tiles
     00004218  _g_tiles_09                        tiles
     00004220  _g_tiles_10                        tiles
     00004228  _g_tiles_11                        tiles
     00004230  _g_tiles_12                        tiles
     00004238  _g_tiles_13                        tiles
     00004240  _g_tiles_14                        tiles
     00004248  _g_tiles_15                        tiles
     00004250  _g_tiles_16                        tiles
     00004258  _g_tiles_17                        tiles
     00004260  _g_tiles_18                        tiles
     00004268  _g_tiles_19                        tiles
     00004270  _cpct_setPalette                   cpct_video
     00004270  _dummy_cpct_transparentMaskTable   main
     00004287  _cpct_isKeyPressed                 cpct_keyboard
     00004287  cpct_isKeyPressed_asm              cpct_keyboard
     00004293  _cpct_setPALColour                 cpct_video
     0000429F  _cpct_drawSprite                   cpct_sprites
     00004344  _cpct_etm_drawTileBox2x4           cpct_easytilemaps
ASxxxx Linker V03.00 + NoICE + sdld,  page 3.
Hexadecimal  [32-Bits]

Area                                    Addr        Size        Decimal Bytes (Attributes)
--------------------------------        ----        ----        ------- ----- ------------
_CODE                               00001000    00003DD5 =       15829. bytes (REL,CON)

      Value  Global                              Global Defined In Module
      -----  --------------------------------   ------------------------
     000043D3  _cpct_etm_setTileset2x4            cpct_easytilemaps
     000043D3  cpct_etm_setTileset2x4_asm         cpct_easytilemaps
     000043D7  _cpct_keyboardStatusBuffer         cpct_keyboard
     000043E1  _cpct_etm_drawTileRow2x4           cpct_easytilemaps
     000043E8  cpct_etm_drawTileRow2x4_asm        cpct_easytilemaps
     000043EA  dtr_restore_ptileset               cpct_easytilemaps
     00004402  _cpct_isAnyKeyPressed              cpct_keyboard
     00004402  cpct_isAnyKeyPressed_asm           cpct_keyboard
     0000440F  _cpct_get2Bits                     cpct_bitarray
     00004435  _cpct_scanKeyboard_if              cpct_keyboard
     00004435  cpct_scanKeyboard_if_asm           cpct_keyboard
     0000449D  _cpct_hflipSpriteM0                cpct_sprites
     000044E1  _cpct_waitVSYNC                    cpct_video
     000044E1  cpct_waitVSYNC_asm                 cpct_video
     000044E9  _cpct_setVideoMode                 cpct_video
     000044F7  _cpct_akp_digidrumStatus           cpct_audio
     000044F8  _cpct_akp_songLoopTimes            cpct_audio
     000044F9  _cpct_akp_musicPlay                cpct_audio
     000044F9  cpct_akp_musicPlay_asm             cpct_audio
     00004BFC  _cpct_akp_musicInit                cpct_audio
     00004C03  cpct_akp_musicInit_asm             cpct_audio
     00004C5C  _cpct_akp_stop                     cpct_audio
     00004C5C  cpct_akp_stop_asm                  cpct_audio
     00004C6F  _cpct_akp_SFXGetInstrument         cpct_audio
     00004C74  cpct_akp_SFXGetInstrument_asm      cpct_audio
     00004C88  _cpct_akp_SFXInit                  cpct_audio
     00004C8F  cpct_akp_SFXInit_asm               cpct_audio
     00004C96  _cpct_akp_SFXStopAll               cpct_audio
     00004C96  cpct_akp_SFXStopAll_asm            cpct_audio
     00004CA3  _cpct_akp_SFXPlay                  cpct_audio
     00004CB5  cpct_akp_SFXPlay_asm               cpct_audio
     00004D02  _cpct_akp_SFXStop                  cpct_audio
     00004D07  cpct_akp_SFXStop_asm               cpct_audio
     00004D20  _cpct_disableFirmware              cpct_firmware
     00004D20  _cpct_removeInterruptHandler       cpct_firmware
     00004D20  cpct_disableFirmware_asm           cpct_firmware
     00004D20  cpct_removeInterruptHandler_asm    cpct_firmware
     00004D30  cpct_drawTileAligned2x4_f_asm      cpct_sprites
     00004D51  _cpct_mode_rom_status              cpct_firmware
     00004D52  _cpct_getScreenPtr                 cpct_video
     00004D72  _cpct_drawSpriteMaskedAlignedTab   cpct_sprites
     00004DAD  _cpct_setInterruptHandler          cpct_firmware
     00004DAD  cpct_setInterruptHandler_asm       cpct_firmware
     00004DBE  cpct_safeInterruptHandlerHook      cpct_firmware

ASxxxx Linker V03.00 + NoICE + sdld,  page 4.
Hexadecimal  [32-Bits]

Area                                    Addr        Size        Decimal Bytes (Attributes)
--------------------------------        ----        ----        ------- ----- ------------
_DATA                               00004DD5    00000012 =          18. bytes (REL,CON)

      Value  Global                              Global Defined In Module
      -----  --------------------------------   ------------------------
     00004DD5  _EMirar                            main
     00004DD6  _EEventos                          main
     00004DD7  _EEstados                          main
     00004DD8  _mapa                              main
     00004DDA  _num_mapa                          main
     00004DDB  _prota                             main
ASxxxx Linker V03.00 + NoICE + sdld,  page 5.
Hexadecimal  [32-Bits]

Area                                    Addr        Size        Decimal Bytes (Attributes)
--------------------------------        ----        ----        ------- ----- ------------
_g_tablatrans_0                     00000000    00000100 =         256. bytes (ABS,CON)

      Value  Global                              Global Defined In Module
      -----  --------------------------------   ------------------------
     00000100  _g_tablatrans                      main

ASxxxx Linker V03.00 + NoICE + sdld,  page 6.
Hexadecimal  [32-Bits]

Area                                    Addr        Size        Decimal Bytes (Attributes)
--------------------------------        ----        ----        ------- ----- ------------
_CSEG                               00004DE7    00000644 =        1604. bytes (REL,CON)

      Value  Global                              Global Defined In Module
      -----  --------------------------------   ------------------------
     00004DE7  _playmusic                         main
     00004DF7  _mapas                             main
     00004DFD  _g_frames                          main
     00004E2D  _anim_andar                        main
     00004E37  _anim_saltar                       main
     00004E3F  _anim_caer                         main
     00004E43  _g_tablaSalto                      main
     00004E49  _interrupcion                      main
     00004E5F  _dibujarMapa                       main
     00004E75  _asignarFrame                      main
     00004E9B  _girarFrame                        main
     00004EBD  _seleccionarSpriteProta            main
     00004F17  _dibujarProta                      main
     00004F40  _borrarProta                       main
     00004FB5  _obtenerTilePtr                    main
     00004FF6  _ajustarAlSuelo                    main
     00004FFF  _sobreSuelo                        main
     00005024  _avanzarMapa                       main
     0000505B  _retrocederMapa                    main
     00005091  _moverDerecha                      main
     000050B8  _moverIzquierda                    main
     000050CC  _redibujarProta                    main
     000050E0  _compruebaTeclas                   main
     0000511D  _aterrizando_entrar                main
     0000512D  _aterrizando                       main
     0000513E  _cayendo_entrar                    main
     0000514E  _descender                         main
     00005175  _cayendo                           main
     000051BA  _quieto_entrar                     main
     000051C5  _quieto                            main
     00005203  _ascender                          main
     00005233  _saltando_entrar                   main
     00005243  _saltando                          main
     00005286  _prepSalto_entrar                  main
     00005296  _prepSalto_animar                  main
     000052A2  _prepSalto                         main
     000052C8  _andando_entrar                    main
     000052E5  _andando_animar                    main
     000052FE  _andando                           main
     00005356  _ejecutarEstado                    main
     00005384  _inicializar                       main
     0000540F  _main                              main
ASxxxx Linker V03.00 + NoICE + sdld,  page 7.
Hexadecimal  [32-Bits]

Area                                    Addr        Size        Decimal Bytes (Attributes)
--------------------------------        ----        ----        ------- ----- ------------
_CABS0                              00000000    00000926 =        2342. bytes (ABS,CON)

      Value  Global                              Global Defined In Module
      -----  --------------------------------   ------------------------
     00000200  _G_song                            song

ASxxxx Linker V03.00 + NoICE + sdld,  page 8.

Files Linked                              [ module(s) ]

obj/map3.rel                              [ map3 ]
obj/map2.rel                              [ map2 ]
obj/map1.rel                              [ map1 ]
obj/retropolis.rel                        [ retropolis ]
obj/hero.rel                              [ hero ]
obj/tiles.rel                             [ tiles ]
obj/main.rel                              [ main ]
obj/song.rel                              [ song ]


Libraries Linked                          [ object file ]

/home/asusin/cpc/cpctelera/cpctelera/cpctelera.lib
                                          [ cpct_setPalette_cbindings.rel ]
/home/asusin/cpc/cpctelera/cpctelera/cpctelera.lib
                                          [ cpct_isKeyPressed.rel ]
/home/asusin/cpc/cpctelera/cpctelera/cpctelera.lib
                                          [ cpct_setPALColour_cbindings.rel ]
/home/asusin/cpc/cpctelera/cpctelera/cpctelera.lib
                                          [ cpct_drawSprite_cbindings.rel ]
/home/asusin/cpc/cpctelera/cpctelera/cpctelera.lib
                                          [ cpct_etm_drawTileBox2x4_cbinding ]
/home/asusin/cpc/cpctelera/cpctelera/cpctelera.lib
                                          [ cpct_etm_setTileset2x4.rel ]
/home/asusin/cpc/cpctelera/cpctelera/cpctelera.lib
                                          [ keyboard.rel ]
/home/asusin/cpc/cpctelera/cpctelera/cpctelera.lib
                                          [ cpct_etm_drawTileRow2x4.rel ]
/home/asusin/cpc/cpctelera/cpctelera/cpctelera.lib
                                          [ cpct_isAnyKeyPressed.rel ]
/home/asusin/cpc/cpctelera/cpctelera/cpctelera.lib
                                          [ cpct_get2Bits_cbindings.rel ]
/home/asusin/cpc/cpctelera/cpctelera/cpctelera.lib
                                          [ cpct_scanKeyboard_if.rel ]
/home/asusin/cpc/cpctelera/cpctelera/cpctelera.lib
                                          [ cpct_hflipSpriteM0_cbindings.rel ]
/home/asusin/cpc/cpctelera/cpctelera/cpctelera.lib
                                          [ cpct_waitVSYNC.rel ]
/home/asusin/cpc/cpctelera/cpctelera/cpctelera.lib
                                          [ cpct_setVideoMode_cbindings.rel ]
/home/asusin/cpc/cpctelera/cpctelera/cpctelera.lib
                                          [ arkostracker.rel ]
/home/asusin/cpc/cpctelera/cpctelera/cpctelera.lib
                                          [ cpct_removeInterruptHandler.rel ]
/home/asusin/cpc/cpctelera/cpctelera/cpctelera.lib
                                          [ cpct_drawTileAligned2x4_f_asmbin ]
/home/asusin/cpc/cpctelera/cpctelera/cpctelera.lib
                                          [ cpc_mode_rom_status.rel ]
/home/asusin/cpc/cpctelera/cpctelera/cpctelera.lib
                                          [ cpct_getScreenPtr_cbindings.rel ]
/home/asusin/cpc/cpctelera/cpctelera/cpctelera.lib
                                          [ cpct_drawSpriteMaskedAlignedTabl ]
/home/asusin/cpc/cpctelera/cpctelera/cpctelera.lib
                                          [ cpct_setInterruptHandler.rel ]

ASxxxx Linker V03.00 + NoICE + sdld,  page 9.

User Base Address Definitions

_CODE = 0x1000
_DATA = 0x0000

